../Core/Src/main.c:82:5:main	8	static
../Core/Src/main.c:177:6:SystemClock_Config	88	static
../Core/Src/main.c:225:13:MX_SPI1_Init	8	static
../Core/Src/main.c:263:13:MX_USART2_UART_Init	8	static
../Core/Src/main.c:296:13:MX_GPIO_Init	48	static
../Core/Src/main.c:331:6:transmit_uart	16	static
../Core/Src/main.c:336:6:MostrarMenu	120	static
../Core/Src/main.c:348:6:MenuImagenes	112	static
../Core/Src/main.c:483:6:HAL_UART_RxCpltCallback	16	static
../Core/Src/main.c:494:6:Error_Handler	4	static,ignoring_inline_asm
